This is pdfTeX, Version 3.141592653-2.6-1.40.25 (MiKTeX 24.1) (preloaded format=pdflatex.fmt)
entering extended mode
(v2_entity_retrieval_report.tex
LaTeX2e <2023-11-01> patch level 1
L3 programming layer <2024-01-04>

(C:\Users\Luka Burduli\AppData\Local\Programs\MiKTeX\tex/latex/base\article.cls
Document Class: article 2023/05/17 v1.4n Standard LaTeX document class
(C:\Users\Luka Burduli\AppData\Local\Programs\MiKTeX\tex/latex/base\size11.clo)
)
(C:\Users\Luka Burduli\AppData\Local\Programs\MiKTeX\tex/latex/base\inputenc.st
y)
(C:\Users\Luka Burduli\AppData\Local\Programs\MiKTeX\tex/latex/base\fontenc.sty
)
(C:\Users\Luka Burduli\AppData\Local\Programs\MiKTeX\tex/latex/geometry\geometr
y.sty
(C:\Users\Luka Burduli\AppData\Local\Programs\MiKTeX\tex/latex/graphics\keyval.
sty)
(C:\Users\Luka Burduli\AppData\Local\Programs\MiKTeX\tex/generic/iftex\ifvtex.s
ty
(C:\Users\Luka Burduli\AppData\Local\Programs\MiKTeX\tex/generic/iftex\iftex.st
y))
(C:\Users\Luka Burduli\AppData\Local\Programs\MiKTeX\tex/latex/geometry\geometr
y.cfg))
(C:\Users\Luka Burduli\AppData\Local\Programs\MiKTeX\tex/latex/amsmath\amsmath.
sty
For additional information on amsmath, use the `?' option.

(C:\Users\Luka Burduli\AppData\Local\Programs\MiKTeX\tex/latex/amsmath\amstext.
sty
(C:\Users\Luka Burduli\AppData\Local\Programs\MiKTeX\tex/latex/amsmath\amsgen.s
ty))
(C:\Users\Luka Burduli\AppData\Local\Programs\MiKTeX\tex/latex/amsmath\amsbsy.s
ty)
(C:\Users\Luka Burduli\AppData\Local\Programs\MiKTeX\tex/latex/amsmath\amsopn.s
ty))
(C:\Users\Luka Burduli\AppData\Local\Programs\MiKTeX\tex/latex/booktabs\booktab
s.sty)
(C:\Users\Luka Burduli\AppData\Local\Programs\MiKTeX\tex/latex/tools\longtable.
sty)
(C:\Users\Luka Burduli\AppData\Local\Programs\MiKTeX\tex/latex/graphics\graphic
x.sty
(C:\Users\Luka Burduli\AppData\Local\Programs\MiKTeX\tex/latex/graphics\graphic
s.sty
(C:\Users\Luka Burduli\AppData\Local\Programs\MiKTeX\tex/latex/graphics\trig.st
y)
(C:\Users\Luka Burduli\AppData\Local\Programs\MiKTeX\tex/latex/graphics-cfg\gra
phics.cfg)
(C:\Users\Luka Burduli\AppData\Local\Programs\MiKTeX\tex/latex/graphics-def\pdf
tex.def)))
(C:\Users\Luka Burduli\AppData\Local\Programs\MiKTeX\tex/latex/hyperref\hyperre
f.sty
(C:\Users\Luka Burduli\AppData\Local\Programs\MiKTeX\tex/generic/infwarerr\infw
arerr.sty)
(C:\Users\Luka Burduli\AppData\Local\Programs\MiKTeX\tex/latex/kvsetkeys\kvsetk
eys.sty)
(C:\Users\Luka Burduli\AppData\Local\Programs\MiKTeX\tex/generic/kvdefinekeys\k
vdefinekeys.sty)
(C:\Users\Luka Burduli\AppData\Local\Programs\MiKTeX\tex/generic/pdfescape\pdfe
scape.sty
(C:\Users\Luka Burduli\AppData\Local\Programs\MiKTeX\tex/generic/ltxcmds\ltxcmd
s.sty)
(C:\Users\Luka Burduli\AppData\Local\Programs\MiKTeX\tex/generic/pdftexcmds\pdf
texcmds.sty))
(C:\Users\Luka Burduli\AppData\Local\Programs\MiKTeX\tex/latex/hycolor\hycolor.
sty)
(C:\Users\Luka Burduli\AppData\Local\Programs\MiKTeX\tex/latex/letltxmacro\letl
txmacro.sty)
(C:\Users\Luka Burduli\AppData\Local\Programs\MiKTeX\tex/latex/auxhook\auxhook.
sty)
(C:\Users\Luka Burduli\AppData\Local\Programs\MiKTeX\tex/latex/hyperref\nameref
.sty
(C:\Users\Luka Burduli\AppData\Local\Programs\MiKTeX\tex/latex/refcount\refcoun
t.sty)
(C:\Users\Luka Burduli\AppData\Local\Programs\MiKTeX\tex/generic/gettitlestring
\gettitlestring.sty
(C:\Users\Luka Burduli\AppData\Local\Programs\MiKTeX\tex/latex/kvoptions\kvopti
ons.sty)))
(C:\Users\Luka Burduli\AppData\Local\Programs\MiKTeX\tex/latex/etoolbox\etoolbo
x.sty)
(C:\Users\Luka Burduli\AppData\Local\Programs\MiKTeX\tex/latex/hyperref\pd1enc.
def)
(C:\Users\Luka Burduli\AppData\Local\Programs\MiKTeX\tex/generic/intcalc\intcal
c.sty)
(C:\Users\Luka Burduli\AppData\Local\Programs\MiKTeX\tex/latex/hyperref\puenc.d
ef) (C:\Users\Luka Burduli\AppData\Local\Programs\MiKTeX\tex/latex/url\url.sty)

(C:\Users\Luka Burduli\AppData\Local\Programs\MiKTeX\tex/generic/bitset\bitset.
sty
(C:\Users\Luka Burduli\AppData\Local\Programs\MiKTeX\tex/generic/bigintcalc\big
intcalc.sty))
(C:\Users\Luka Burduli\AppData\Local\Programs\MiKTeX\tex/latex/base\atbegshi-lt
x.sty))
(C:\Users\Luka Burduli\AppData\Local\Programs\MiKTeX\tex/latex/hyperref\hpdftex
.def
(C:\Users\Luka Burduli\AppData\Local\Programs\MiKTeX\tex/latex/base\atveryend-l
tx.sty)
(C:\Users\Luka Burduli\AppData\Local\Programs\MiKTeX\tex/latex/rerunfilecheck\r
erunfilecheck.sty
(C:\Users\Luka Burduli\AppData\Local\Programs\MiKTeX\tex/generic/uniquecounter\
uniquecounter.sty)))
(C:\Users\Luka Burduli\AppData\Local\Programs\MiKTeX\tex/latex/l3backend\l3back
end-pdftex.def) (v2_entity_retrieval_report.aux)
*geometry* driver: auto-detecting
*geometry* detected driver: pdftex

(C:\Users\Luka Burduli\AppData\Local\Programs\MiKTeX\tex/context/base/mkii\supp
-pdf.mkii
[Loading MPS to PDF converter (version 2006.09.02).]
) (v2_entity_retrieval_report.out) (v2_entity_retrieval_report.out)
(C:\Users\Luka Burduli\AppData\Local\Programs\MiKTeX\tex/latex/base\t1cmtt.fd)
(v2_entity_retrieval_report.toc [1{C:/Users/Luka Burduli/AppData/Local/MiKTeX/f
onts/map/pdftex/pdftex.map}]) [2] [3] [4] [5] [6] [7] [8] [9] [10] [11]
[12] [13 <./stage_metrics.pdf>] [14] [15] [16] [17]
Underfull \hbox (badness 10000) in paragraph at lines 1011--1012
[]\T1/cmr/m/n/10 Non-direct an-no-ta-tion sta-tus

Underfull \hbox (badness 10000) in paragraph at lines 1011--1012
\T1/cmr/m/n/10 (\T1/cmtt/m/n/10 PARTIAL\T1/cmr/m/n/10 /\T1/cmtt/m/n/10 ABSENT\T
1/cmr/m/n/10 /\T1/cmtt/m/n/10 COMPOSITE\T1/cmr/m/n/10 ); no iden-
[18]
Underfull \hbox (badness 1152) in paragraph at lines 1095--1099
\T1/cmtt/m/n/10.95 NOT_SUPPORTED_BY_AVAILABLE_EVIDENCE \T1/cmr/m/n/10.95 purely
 be-cause the candidate-specific in-dex, with
[19] [20] [21]
Underfull \hbox (badness 10000) in paragraph at lines 1266--1266
[]\T1/cmtt/m/n/10 5c38ec7c405ec4b44b94

Underfull \hbox (badness 10000) in paragraph at lines 1267--1267
[]\T1/cmtt/m/n/10 cross-encoder/

Underfull \hbox (badness 10000) in paragraph at lines 1267--1267
[]\T1/cmtt/m/n/10 233902d25c440f23af6f

Underfull \hbox (badness 5667) in paragraph at lines 1268--1268
[]\T1/cmr/m/n/10 NLI (ver-i-fi-ca-

Underfull \hbox (badness 10000) in paragraph at lines 1268--1268
[]\T1/cmtt/m/n/10 cross-encoder/

Underfull \hbox (badness 10000) in paragraph at lines 1268--1268
[]\T1/cmtt/m/n/10 fa2804872c3b4bd748f3

Underfull \hbox (badness 4072) in paragraph at lines 1273--1277
\T1/cmr/m/n/10.95 this re-port: []$\T1/cmtt/m/n/10.95 https : / / huggingface .
 co / BAAI / bge-[]small-[]en-[]v1 . 5$[]\T1/cmr/m/n/10.95 , []$\T1/cmtt/m/n/10
.95 https : / / huggingface .

Underfull \hbox (badness 10000) in paragraph at lines 1273--1277
\T1/cmtt/m/n/10.95 co / cross-[]encoder / ms-[]marco-[]MiniLM-[]L6-[]v2$[]\T1/c
mr/m/n/10.95 , []$\T1/cmtt/m/n/10.95 https : / / huggingface . co / cross-[]enc
oder /
[22] (verification_summary.tex [23])
Underfull \hbox (badness 10000) in paragraph at lines 1332--1339
\T1/cmtt/m/n/10.95 specification . md$\T1/cmr/m/n/10.95 , $\T1/cmtt/m/n/10.95 n
otes / entity _ redesign / report _ handoff . json$\T1/cmr/m/n/10.95 , $\T1/cmt
t/m/n/10.95 config . json$\T1/cmr/m/n/10.95 ,
[24] [25] [26] [27] (v2_entity_retrieval_report.aux) )
(see the transcript file for additional information) <C:\Users\Luka Burduli\App
Data\Local\MiKTeX\fonts/pk/ljfour/jknappen/ec/dpi600\ecrm0700.pk> <C:\Users\Luk
a Burduli\AppData\Local\MiKTeX\fonts/pk/ljfour/jknappen/ec/dpi600\ecrm0900.pk> 
<C:\Users\Luka Burduli\AppData\Local\MiKTeX\fonts/pk/ljfour/jknappen/ec/dpi600\
ecrm0600.pk> <C:\Users\Luka Burduli\AppData\Local\MiKTeX\fonts/pk/ljfour/jknapp
en/ec/dpi600\ecrm0800.pk> <C:\Users\Luka Burduli\AppData\Local\MiKTeX\fonts/pk/
ljfour/jknappen/ec/dpi600\tcrm1095.pk> <C:\Users\Luka Burduli\AppData\Local\MiK
TeX\fonts/pk/ljfour/jknappen/ec/dpi600\ecti1095.pk> <C:\Users\Luka Burduli\AppD
ata\Local\MiKTeX\fonts/pk/ljfour/jknappen/ec/dpi600\ectt1095.pk> <C:\Users\Luka
 Burduli\AppData\Local\MiKTeX\fonts/pk/ljfour/jknappen/ec/dpi600\ecbx1200.pk> <
C:\Users\Luka Burduli\AppData\Local\MiKTeX\fonts/pk/ljfour/jknappen/ec/dpi600\e
crm1095.pk> <C:\Users\Luka Burduli\AppData\Local\MiKTeX\fonts/pk/ljfour/jknappe
n/ec/dpi600\ecbx1095.pk> <C:\Users\Luka Burduli\AppData\Local\MiKTeX\fonts/pk/l
jfour/jknappen/ec/dpi600\ecbx1440.pk> <C:\Users\Luka Burduli\AppData\Local\MiKT
eX\fonts/pk/ljfour/jknappen/ec/dpi600\ectt1000.pk> <C:\Users\Luka Burduli\AppDa
ta\Local\MiKTeX\fonts/pk/ljfour/jknappen/ec/dpi600\ecti1000.pk> <C:\Users\Luka 
Burduli\AppData\Local\MiKTeX\fonts/pk/ljfour/jknappen/ec/dpi600\ecrm1000.pk> <C
:\Users\Luka Burduli\AppData\Local\MiKTeX\fonts/pk/ljfour/jknappen/ec/dpi600\ec
bx1000.pk> <C:\Users\Luka Burduli\AppData\Local\MiKTeX\fonts/pk/ljfour/jknappen
/ec/dpi600\ectt1200.pk> <C:\Users\Luka Burduli\AppData\Local\MiKTeX\fonts/pk/lj
four/jknappen/ec/dpi600\ecrm1200.pk> <C:\Users\Luka Burduli\AppData\Local\MiKTe
X\fonts/pk/ljfour/jknappen/ec/dpi600\ecrm1728.pk><C:/Users/Luka Burduli/AppData
/Local/Programs/MiKTeX/fonts/type1/public/amsfonts/cm/cmbx10.pfb><C:/Users/Luka
 Burduli/AppData/Local/Programs/MiKTeX/fonts/type1/public/amsfonts/cm/cmex10.pf
b><C:/Users/Luka Burduli/AppData/Local/Programs/MiKTeX/fonts/type1/public/amsfo
nts/cm/cmmi10.pfb><C:/Users/Luka Burduli/AppData/Local/Programs/MiKTeX/fonts/ty
pe1/public/amsfonts/cm/cmmi6.pfb><C:/Users/Luka Burduli/AppData/Local/Programs/
MiKTeX/fonts/type1/public/amsfonts/cm/cmmi8.pfb><C:/Users/Luka Burduli/AppData/
Local/Programs/MiKTeX/fonts/type1/public/amsfonts/cm/cmr10.pfb><C:/Users/Luka B
urduli/AppData/Local/Programs/MiKTeX/fonts/type1/public/amsfonts/cm/cmr6.pfb><C
:/Users/Luka Burduli/AppData/Local/Programs/MiKTeX/fonts/type1/public/amsfonts/
cm/cmr8.pfb><C:/Users/Luka Burduli/AppData/Local/Programs/MiKTeX/fonts/type1/pu
blic/amsfonts/cm/cmsy10.pfb><C:/Users/Luka Burduli/AppData/Local/Programs/MiKTe
X/fonts/type1/public/amsfonts/cm/cmsy8.pfb>
Output written on v2_entity_retrieval_report.pdf (27 pages, 499888 bytes).
Transcript written on v2_entity_retrieval_report.log.
