Base index: 2978 entities
Encoding cutoff 2026
Generating Q1
Reranking Q1 500 entities
Completed Q1 union 1325 seconds 54.92
Generating Q2
Reranking Q2 500 entities
Completed Q2 union 1418 seconds 50.65
Generating Q3
Reranking Q3 500 entities
Completed Q3 union 1290 seconds 43.74
Generating Q4
Reranking Q4 500 entities
Completed Q4 union 1225 seconds 51.43
Generating Q5
Reranking Q5 500 entities
Completed Q5 union 1383 seconds 42.42
Generating Q6
Reranking Q6 500 entities
Completed Q6 union 1463 seconds 52.84
Generating Q7
Reranking Q7 500 entities
Completed Q7 union 1167 seconds 43.42
Generating Q8
Reranking Q8 500 entities
Completed Q8 union 1357 seconds 31.51
Generating Q9
Reranking Q9 500 entities
Completed Q9 union 1503 seconds 39.44
Generating Q10
Reranking Q10 500 entities
Completed Q10 union 1431 seconds 48.34
Generating Q11
Reranking Q11 500 entities
Completed Q11 union 1468 seconds 45.06
Generating Q12
Reranking Q12 500 entities
Completed Q12 union 1438 seconds 49.89
Generating Q13
Reranking Q13 500 entities
Completed Q13 union 1321 seconds 49.67
Generating Q14
Reranking Q14 349 entities
Completed Q14 union 349 seconds 15.52
Generating Q15
Reranking Q15 500 entities
Completed Q15 union 1452 seconds 30.49
Generating Q16
Reranking Q16 500 entities
Completed Q16 union 1180 seconds 30.36
Generating Q17
Reranking Q17 500 entities
Completed Q17 union 1315 seconds 32.43
Generating Q18
Reranking Q18 500 entities
Completed Q18 union 1452 seconds 33.14
PREDICTIONS FROZEN 5bc46c27e260572cc33630ff59b3dd142cc37ca5ef66d13eb77f29b1a2ad0eda
