Base index: 2978 entities
Encoding cutoff 2026
Generating Q1
Reranking Q1 500 entities
Completed Q1 union 1325 seconds 1.2
Generating Q2
Reranking Q2 500 entities
Completed Q2 union 1418 seconds 1.49
Generating Q3
Reranking Q3 500 entities
Completed Q3 union 1290 seconds 1.14
Generating Q4
Reranking Q4 500 entities
Completed Q4 union 1225 seconds 1.03
Generating Q5
Reranking Q5 500 entities
Completed Q5 union 1383 seconds 1.13
Generating Q6
Reranking Q6 500 entities
Completed Q6 union 1463 seconds 1.42
Generating Q7
Reranking Q7 500 entities
Completed Q7 union 1167 seconds 1.08
Generating Q8
Reranking Q8 500 entities
Completed Q8 union 1357 seconds 1.21
Generating Q9
Reranking Q9 500 entities
Completed Q9 union 1503 seconds 1.11
Generating Q10
Reranking Q10 500 entities
Completed Q10 union 1431 seconds 1.05
Generating Q11
Reranking Q11 500 entities
Completed Q11 union 1468 seconds 0.99
Generating Q12
Reranking Q12 500 entities
Completed Q12 union 1438 seconds 1.1
Generating Q13
Reranking Q13 500 entities
Completed Q13 union 1321 seconds 1.05
Generating Q14
Reranking Q14 349 entities
Completed Q14 union 349 seconds 0.44
Generating Q15
Reranking Q15 500 entities
Completed Q15 union 1452 seconds 1.15
Generating Q16
Reranking Q16 500 entities
Completed Q16 union 1180 seconds 1.13
Generating Q17
Reranking Q17 500 entities
Completed Q17 union 1315 seconds 1.16
Generating Q18
Reranking Q18 500 entities
Completed Q18 union 1452 seconds 1.41
PREDICTIONS FROZEN 5bc46c27e260572cc33630ff59b3dd142cc37ca5ef66d13eb77f29b1a2ad0eda
