This is pdfTeX, Version 3.141592653-2.6-1.40.25 (MiKTeX 24.1) (preloaded format=pdflatex.fmt)
entering extended mode
(v2_assessment_companion.tex
LaTeX2e <2023-11-01> patch level 1
L3 programming layer <2024-01-04>

(C:\Users\Luka Burduli\AppData\Local\Programs\MiKTeX\tex/latex/base\article.cls
Document Class: article 2023/05/17 v1.4n Standard LaTeX document class
(C:\Users\Luka Burduli\AppData\Local\Programs\MiKTeX\tex/latex/base\size11.clo)
)
(C:\Users\Luka Burduli\AppData\Local\Programs\MiKTeX\tex/latex/base\inputenc.st
y)
(C:\Users\Luka Burduli\AppData\Local\Programs\MiKTeX\tex/latex/base\fontenc.sty
)
(C:\Users\Luka Burduli\AppData\Local\Programs\MiKTeX\tex/latex/geometry\geometr
y.sty
(C:\Users\Luka Burduli\AppData\Local\Programs\MiKTeX\tex/latex/graphics\keyval.
sty)
(C:\Users\Luka Burduli\AppData\Local\Programs\MiKTeX\tex/generic/iftex\ifvtex.s
ty
(C:\Users\Luka Burduli\AppData\Local\Programs\MiKTeX\tex/generic/iftex\iftex.st
y))
(C:\Users\Luka Burduli\AppData\Local\Programs\MiKTeX\tex/latex/geometry\geometr
y.cfg))
(C:\Users\Luka Burduli\AppData\Local\Programs\MiKTeX\tex/latex/amsmath\amsmath.
sty
For additional information on amsmath, use the `?' option.

(C:\Users\Luka Burduli\AppData\Local\Programs\MiKTeX\tex/latex/amsmath\amstext.
sty
(C:\Users\Luka Burduli\AppData\Local\Programs\MiKTeX\tex/latex/amsmath\amsgen.s
ty))
(C:\Users\Luka Burduli\AppData\Local\Programs\MiKTeX\tex/latex/amsmath\amsbsy.s
ty)
(C:\Users\Luka Burduli\AppData\Local\Programs\MiKTeX\tex/latex/amsmath\amsopn.s
ty))
(C:\Users\Luka Burduli\AppData\Local\Programs\MiKTeX\tex/latex/booktabs\booktab
s.sty)
(C:\Users\Luka Burduli\AppData\Local\Programs\MiKTeX\tex/latex/graphics\graphic
x.sty
(C:\Users\Luka Burduli\AppData\Local\Programs\MiKTeX\tex/latex/graphics\graphic
s.sty
(C:\Users\Luka Burduli\AppData\Local\Programs\MiKTeX\tex/latex/graphics\trig.st
y)
(C:\Users\Luka Burduli\AppData\Local\Programs\MiKTeX\tex/latex/graphics-cfg\gra
phics.cfg)
(C:\Users\Luka Burduli\AppData\Local\Programs\MiKTeX\tex/latex/graphics-def\pdf
tex.def)))
(C:\Users\Luka Burduli\AppData\Local\Programs\MiKTeX\tex/latex/hyperref\hyperre
f.sty
(C:\Users\Luka Burduli\AppData\Local\Programs\MiKTeX\tex/generic/infwarerr\infw
arerr.sty)
(C:\Users\Luka Burduli\AppData\Local\Programs\MiKTeX\tex/latex/kvsetkeys\kvsetk
eys.sty)
(C:\Users\Luka Burduli\AppData\Local\Programs\MiKTeX\tex/generic/kvdefinekeys\k
vdefinekeys.sty)
(C:\Users\Luka Burduli\AppData\Local\Programs\MiKTeX\tex/generic/pdfescape\pdfe
scape.sty
(C:\Users\Luka Burduli\AppData\Local\Programs\MiKTeX\tex/generic/ltxcmds\ltxcmd
s.sty)
(C:\Users\Luka Burduli\AppData\Local\Programs\MiKTeX\tex/generic/pdftexcmds\pdf
texcmds.sty))
(C:\Users\Luka Burduli\AppData\Local\Programs\MiKTeX\tex/latex/hycolor\hycolor.
sty)
(C:\Users\Luka Burduli\AppData\Local\Programs\MiKTeX\tex/latex/letltxmacro\letl
txmacro.sty)
(C:\Users\Luka Burduli\AppData\Local\Programs\MiKTeX\tex/latex/auxhook\auxhook.
sty)
(C:\Users\Luka Burduli\AppData\Local\Programs\MiKTeX\tex/latex/hyperref\nameref
.sty
(C:\Users\Luka Burduli\AppData\Local\Programs\MiKTeX\tex/latex/refcount\refcoun
t.sty)
(C:\Users\Luka Burduli\AppData\Local\Programs\MiKTeX\tex/generic/gettitlestring
\gettitlestring.sty
(C:\Users\Luka Burduli\AppData\Local\Programs\MiKTeX\tex/latex/kvoptions\kvopti
ons.sty)))
(C:\Users\Luka Burduli\AppData\Local\Programs\MiKTeX\tex/latex/etoolbox\etoolbo
x.sty)
(C:\Users\Luka Burduli\AppData\Local\Programs\MiKTeX\tex/latex/hyperref\pd1enc.
def)
(C:\Users\Luka Burduli\AppData\Local\Programs\MiKTeX\tex/generic/intcalc\intcal
c.sty)
(C:\Users\Luka Burduli\AppData\Local\Programs\MiKTeX\tex/latex/hyperref\puenc.d
ef) (C:\Users\Luka Burduli\AppData\Local\Programs\MiKTeX\tex/latex/url\url.sty)

(C:\Users\Luka Burduli\AppData\Local\Programs\MiKTeX\tex/generic/bitset\bitset.
sty
(C:\Users\Luka Burduli\AppData\Local\Programs\MiKTeX\tex/generic/bigintcalc\big
intcalc.sty))
(C:\Users\Luka Burduli\AppData\Local\Programs\MiKTeX\tex/latex/base\atbegshi-lt
x.sty))
(C:\Users\Luka Burduli\AppData\Local\Programs\MiKTeX\tex/latex/hyperref\hpdftex
.def
(C:\Users\Luka Burduli\AppData\Local\Programs\MiKTeX\tex/latex/base\atveryend-l
tx.sty)
(C:\Users\Luka Burduli\AppData\Local\Programs\MiKTeX\tex/latex/rerunfilecheck\r
erunfilecheck.sty
(C:\Users\Luka Burduli\AppData\Local\Programs\MiKTeX\tex/generic/uniquecounter\
uniquecounter.sty)))
(C:\Users\Luka Burduli\AppData\Local\Programs\MiKTeX\tex/latex/l3backend\l3back
end-pdftex.def) (v2_assessment_companion.aux)
*geometry* driver: auto-detecting
*geometry* detected driver: pdftex

(C:\Users\Luka Burduli\AppData\Local\Programs\MiKTeX\tex/context/base/mkii\supp
-pdf.mkii
[Loading MPS to PDF converter (version 2006.09.02).]
)
(C:\Users\Luka Burduli\AppData\Local\Programs\MiKTeX\tex/latex/graphics\color.s
ty
(C:\Users\Luka Burduli\AppData\Local\Programs\MiKTeX\tex/latex/graphics-cfg\col
or.cfg)
(C:\Users\Luka Burduli\AppData\Local\Programs\MiKTeX\tex/latex/graphics\mathcol
or.ltx)) (v2_assessment_companion.out) (v2_assessment_companion.out)
(C:\Users\Luka Burduli\AppData\Local\Programs\MiKTeX\tex/latex/base\t1cmtt.fd)
[1{C:/Users/Luka Burduli/AppData/Local/MiKTeX/fonts/map/pdftex/pdftex.map}]
[2] [3] [4] (v2_assessment_companion.aux) ) <C:\Users\Luka Burduli\AppData\Loca
l\MiKTeX\fonts/pk/ljfour/jknappen/ec/dpi600\ectt1000.pk> <C:\Users\Luka Burduli
\AppData\Local\MiKTeX\fonts/pk/ljfour/jknappen/ec/dpi600\ecrm1000.pk> <C:\Users
\Luka Burduli\AppData\Local\MiKTeX\fonts/pk/ljfour/jknappen/ec/dpi600\ectt1095.
pk> <C:\Users\Luka Burduli\AppData\Local\MiKTeX\fonts/pk/ljfour/jknappen/ec/dpi
600\ecbx1095.pk> <C:\Users\Luka Burduli\AppData\Local\MiKTeX\fonts/pk/ljfour/jk
nappen/ec/dpi600\ecrm1095.pk> <C:\Users\Luka Burduli\AppData\Local\MiKTeX\fonts
/pk/ljfour/jknappen/ec/dpi600\ecbx1440.pk><C:/Users/Luka Burduli/AppData/Local/
Programs/MiKTeX/fonts/type1/public/amsfonts/cm/cmex10.pfb><C:/Users/Luka Burdul
i/AppData/Local/Programs/MiKTeX/fonts/type1/public/amsfonts/cm/cmmi10.pfb><C:/U
sers/Luka Burduli/AppData/Local/Programs/MiKTeX/fonts/type1/public/amsfonts/cm/
cmmi8.pfb><C:/Users/Luka Burduli/AppData/Local/Programs/MiKTeX/fonts/type1/publ
ic/amsfonts/cm/cmr10.pfb><C:/Users/Luka Burduli/AppData/Local/Programs/MiKTeX/f
onts/type1/public/amsfonts/cm/cmr8.pfb><C:/Users/Luka Burduli/AppData/Local/Pro
grams/MiKTeX/fonts/type1/public/amsfonts/cm/cmsy10.pfb><C:/Users/Luka Burduli/A
ppData/Local/Programs/MiKTeX/fonts/type1/public/amsfonts/cm/cmsy8.pfb>
Output written on v2_assessment_companion.pdf (4 pages, 172490 bytes).
Transcript written on v2_assessment_companion.log.
