This is pdfTeX, Version 3.141592653-2.6-1.40.25 (MiKTeX 24.1) (preloaded format=pdflatex.fmt)
entering extended mode
(v2_entity_retrieval_report.tex
LaTeX2e <2023-11-01> patch level 1
L3 programming layer <2024-01-04>

(C:\Users\Luka Burduli\AppData\Local\Programs\MiKTeX\tex/latex/base\article.cls
Document Class: article 2023/05/17 v1.4n Standard LaTeX document class
(C:\Users\Luka Burduli\AppData\Local\Programs\MiKTeX\tex/latex/base\size11.clo)
)
(C:\Users\Luka Burduli\AppData\Local\Programs\MiKTeX\tex/latex/base\inputenc.st
y)
(C:\Users\Luka Burduli\AppData\Local\Programs\MiKTeX\tex/latex/base\fontenc.sty
)
(C:\Users\Luka Burduli\AppData\Local\Programs\MiKTeX\tex/latex/geometry\geometr
y.sty
(C:\Users\Luka Burduli\AppData\Local\Programs\MiKTeX\tex/latex/graphics\keyval.
sty)
(C:\Users\Luka Burduli\AppData\Local\Programs\MiKTeX\tex/generic/iftex\ifvtex.s
ty
(C:\Users\Luka Burduli\AppData\Local\Programs\MiKTeX\tex/generic/iftex\iftex.st
y))
(C:\Users\Luka Burduli\AppData\Local\Programs\MiKTeX\tex/latex/geometry\geometr
y.cfg))
(C:\Users\Luka Burduli\AppData\Local\Programs\MiKTeX\tex/latex/amsmath\amsmath.
sty
For additional information on amsmath, use the `?' option.

(C:\Users\Luka Burduli\AppData\Local\Programs\MiKTeX\tex/latex/amsmath\amstext.
sty
(C:\Users\Luka Burduli\AppData\Local\Programs\MiKTeX\tex/latex/amsmath\amsgen.s
ty))
(C:\Users\Luka Burduli\AppData\Local\Programs\MiKTeX\tex/latex/amsmath\amsbsy.s
ty)
(C:\Users\Luka Burduli\AppData\Local\Programs\MiKTeX\tex/latex/amsmath\amsopn.s
ty))
(C:\Users\Luka Burduli\AppData\Local\Programs\MiKTeX\tex/latex/booktabs\booktab
s.sty)
(C:\Users\Luka Burduli\AppData\Local\Programs\MiKTeX\tex/latex/tools\longtable.
sty)
(C:\Users\Luka Burduli\AppData\Local\Programs\MiKTeX\tex/latex/graphics\graphic
x.sty
(C:\Users\Luka Burduli\AppData\Local\Programs\MiKTeX\tex/latex/graphics\graphic
s.sty
(C:\Users\Luka Burduli\AppData\Local\Programs\MiKTeX\tex/latex/graphics\trig.st
y)
(C:\Users\Luka Burduli\AppData\Local\Programs\MiKTeX\tex/latex/graphics-cfg\gra
phics.cfg)
(C:\Users\Luka Burduli\AppData\Local\Programs\MiKTeX\tex/latex/graphics-def\pdf
tex.def)))
(C:\Users\Luka Burduli\AppData\Local\Programs\MiKTeX\tex/latex/hyperref\hyperre
f.sty
(C:\Users\Luka Burduli\AppData\Local\Programs\MiKTeX\tex/generic/infwarerr\infw
arerr.sty)
(C:\Users\Luka Burduli\AppData\Local\Programs\MiKTeX\tex/latex/kvsetkeys\kvsetk
eys.sty)
(C:\Users\Luka Burduli\AppData\Local\Programs\MiKTeX\tex/generic/kvdefinekeys\k
vdefinekeys.sty)
(C:\Users\Luka Burduli\AppData\Local\Programs\MiKTeX\tex/generic/pdfescape\pdfe
scape.sty
(C:\Users\Luka Burduli\AppData\Local\Programs\MiKTeX\tex/generic/ltxcmds\ltxcmd
s.sty)
(C:\Users\Luka Burduli\AppData\Local\Programs\MiKTeX\tex/generic/pdftexcmds\pdf
texcmds.sty))
(C:\Users\Luka Burduli\AppData\Local\Programs\MiKTeX\tex/latex/hycolor\hycolor.
sty)
(C:\Users\Luka Burduli\AppData\Local\Programs\MiKTeX\tex/latex/letltxmacro\letl
txmacro.sty)
(C:\Users\Luka Burduli\AppData\Local\Programs\MiKTeX\tex/latex/auxhook\auxhook.
sty)
(C:\Users\Luka Burduli\AppData\Local\Programs\MiKTeX\tex/latex/hyperref\nameref
.sty
(C:\Users\Luka Burduli\AppData\Local\Programs\MiKTeX\tex/latex/refcount\refcoun
t.sty)
(C:\Users\Luka Burduli\AppData\Local\Programs\MiKTeX\tex/generic/gettitlestring
\gettitlestring.sty
(C:\Users\Luka Burduli\AppData\Local\Programs\MiKTeX\tex/latex/kvoptions\kvopti
ons.sty)))
(C:\Users\Luka Burduli\AppData\Local\Programs\MiKTeX\tex/latex/etoolbox\etoolbo
x.sty)
(C:\Users\Luka Burduli\AppData\Local\Programs\MiKTeX\tex/latex/hyperref\pd1enc.
def)
(C:\Users\Luka Burduli\AppData\Local\Programs\MiKTeX\tex/generic/intcalc\intcal
c.sty)
(C:\Users\Luka Burduli\AppData\Local\Programs\MiKTeX\tex/latex/hyperref\puenc.d
ef) (C:\Users\Luka Burduli\AppData\Local\Programs\MiKTeX\tex/latex/url\url.sty)

(C:\Users\Luka Burduli\AppData\Local\Programs\MiKTeX\tex/generic/bitset\bitset.
sty
(C:\Users\Luka Burduli\AppData\Local\Programs\MiKTeX\tex/generic/bigintcalc\big
intcalc.sty))
(C:\Users\Luka Burduli\AppData\Local\Programs\MiKTeX\tex/latex/base\atbegshi-lt
x.sty))
(C:\Users\Luka Burduli\AppData\Local\Programs\MiKTeX\tex/latex/hyperref\hpdftex
.def
(C:\Users\Luka Burduli\AppData\Local\Programs\MiKTeX\tex/latex/base\atveryend-l
tx.sty)
(C:\Users\Luka Burduli\AppData\Local\Programs\MiKTeX\tex/latex/rerunfilecheck\r
erunfilecheck.sty
(C:\Users\Luka Burduli\AppData\Local\Programs\MiKTeX\tex/generic/uniquecounter\
uniquecounter.sty)))
(C:\Users\Luka Burduli\AppData\Local\Programs\MiKTeX\tex/latex/l3backend\l3back
end-pdftex.def) (v2_entity_retrieval_report.aux)
*geometry* driver: auto-detecting
*geometry* detected driver: pdftex

(C:\Users\Luka Burduli\AppData\Local\Programs\MiKTeX\tex/context/base/mkii\supp
-pdf.mkii
[Loading MPS to PDF converter (version 2006.09.02).]
)
(C:\Users\Luka Burduli\AppData\Local\Programs\MiKTeX\tex/latex/graphics\color.s
ty
(C:\Users\Luka Burduli\AppData\Local\Programs\MiKTeX\tex/latex/graphics-cfg\col
or.cfg)
(C:\Users\Luka Burduli\AppData\Local\Programs\MiKTeX\tex/latex/graphics\mathcol
or.ltx)) (v2_entity_retrieval_report.out) (v2_entity_retrieval_report.out)
[1{C:/Users/Luka Burduli/AppData/Local/MiKTeX/fonts/map/pdftex/pdftex.map}]
(C:\Users\Luka Burduli\AppData\Local\Programs\MiKTeX\tex/latex/base\t1cmtt.fd)
Underfull \hbox (badness 1147) in paragraph at lines 46--47
[]\T1/cmr/m/n/10.95 Main sub-mis-sion and write-up: $\T1/cmtt/m/n/10.95 . . / .
 . / clean _ tshc / README . md$\T1/cmr/m/n/10.95 , $\T1/cmtt/m/n/10.95 . . / .
 . / clean _ tshc /
[2]
Underfull \hbox (badness 1199) in paragraph at lines 75--76
 []\T1/cmr/bx/n/10.95 Temporal vis-i-bil-ity.[] \T1/cmr/m/n/10.95 Vis-i-bil-ity
 is publication-year only. A node is vis-i-ble when its
[3]
Underfull \hbox (badness 10000) in paragraph at lines 134--134
[]\T1/cmr/m/n/9 A6_100, A6_200,
[4] [5]
Underfull \hbox (badness 10000) in paragraph at lines 169--169
[]\T1/cmr/m/n/9 Genuine rel-e-
[6] [7] [8] [9] [10] [11 <./stage_metrics.pdf>] [12]
Underfull \hbox (badness 10000) in paragraph at lines 448--448
[]|\T1/cmr/m/n/9 E(3)-equivariant

Underfull \hbox (badness 1817) in paragraph at lines 451--451
[]|\T1/cmr/m/n/9 GNNs + ACE de-
[13] [14] [15] [16] [17] [18] (verification_summary.tex [19]) [20]
(v2_entity_retrieval_report.aux)

LaTeX Warning: Label(s) may have changed. Rerun to get cross-references right.

 )
(see the transcript file for additional information) <C:\Users\Luka Burduli\App
Data\Local\MiKTeX\fonts/pk/ljfour/jknappen/ec/dpi600\ecti0900.pk> <C:\Users\Luk
a Burduli\AppData\Local\MiKTeX\fonts/pk/ljfour/jknappen/ec/dpi600\ectt0900.pk> 
<C:\Users\Luka Burduli\AppData\Local\MiKTeX\fonts/pk/ljfour/jknappen/ec/dpi600\
ecbx0900.pk> <C:\Users\Luka Burduli\AppData\Local\MiKTeX\fonts/pk/ljfour/jknapp
en/ec/dpi600\ecrm0900.pk> <C:\Users\Luka Burduli\AppData\Local\MiKTeX\fonts/pk/
ljfour/jknappen/ec/dpi600\ecbx1200.pk> <C:\Users\Luka Burduli\AppData\Local\MiK
TeX\fonts/pk/ljfour/jknappen/ec/dpi600\ecti1095.pk> <C:\Users\Luka Burduli\AppD
ata\Local\MiKTeX\fonts/pk/ljfour/jknappen/ec/dpi600\ectt1095.pk> <C:\Users\Luka
 Burduli\AppData\Local\MiKTeX\fonts/pk/ljfour/jknappen/ec/dpi600\tcrm1095.pk> <
C:\Users\Luka Burduli\AppData\Local\MiKTeX\fonts/pk/ljfour/jknappen/ec/dpi600\e
cbx1095.pk> <C:\Users\Luka Burduli\AppData\Local\MiKTeX\fonts/pk/ljfour/jknappe
n/ec/dpi600\ecrm1095.pk> <C:\Users\Luka Burduli\AppData\Local\MiKTeX\fonts/pk/l
jfour/jknappen/ec/dpi600\ecbx1440.pk> <C:\Users\Luka Burduli\AppData\Local\MiKT
eX\fonts/pk/ljfour/jknappen/ec/dpi600\ecti1000.pk> <C:\Users\Luka Burduli\AppDa
ta\Local\MiKTeX\fonts/pk/ljfour/jknappen/ec/dpi600\ecrm1000.pk> <C:\Users\Luka 
Burduli\AppData\Local\MiKTeX\fonts/pk/ljfour/jknappen/ec/dpi600\ecbx1000.pk> <C
:\Users\Luka Burduli\AppData\Local\MiKTeX\fonts/pk/ljfour/jknappen/ec/dpi600\ec
rm1200.pk> <C:\Users\Luka Burduli\AppData\Local\MiKTeX\fonts/pk/ljfour/jknappen
/ec/dpi600\ecrm1728.pk><C:/Users/Luka Burduli/AppData/Local/Programs/MiKTeX/fon
ts/type1/public/amsfonts/cm/cmex10.pfb><C:/Users/Luka Burduli/AppData/Local/Pro
grams/MiKTeX/fonts/type1/public/amsfonts/cm/cmmi10.pfb><C:/Users/Luka Burduli/A
ppData/Local/Programs/MiKTeX/fonts/type1/public/amsfonts/cm/cmmi8.pfb><C:/Users
/Luka Burduli/AppData/Local/Programs/MiKTeX/fonts/type1/public/amsfonts/cm/cmmi
9.pfb><C:/Users/Luka Burduli/AppData/Local/Programs/MiKTeX/fonts/type1/public/a
msfonts/cm/cmr10.pfb><C:/Users/Luka Burduli/AppData/Local/Programs/MiKTeX/fonts
/type1/public/amsfonts/cm/cmr6.pfb><C:/Users/Luka Burduli/AppData/Local/Program
s/MiKTeX/fonts/type1/public/amsfonts/cm/cmr8.pfb><C:/Users/Luka Burduli/AppData
/Local/Programs/MiKTeX/fonts/type1/public/amsfonts/cm/cmr9.pfb><C:/Users/Luka B
urduli/AppData/Local/Programs/MiKTeX/fonts/type1/public/amsfonts/cm/cmsy10.pfb>
<C:/Users/Luka Burduli/AppData/Local/Programs/MiKTeX/fonts/type1/public/amsfont
s/cm/cmsy8.pfb><C:/Users/Luka Burduli/AppData/Local/Programs/MiKTeX/fonts/type1
/public/amsfonts/cm/cmsy9.pfb>
Output written on v2_entity_retrieval_report.pdf (20 pages, 439000 bytes).
Transcript written on v2_entity_retrieval_report.log.
