GATES A/B PASS
BUILD semantic 2020
BUILT semantic 2020 0.65
BUILD semantic 2022
BUILT semantic 2022 1.15
BUILD semantic 2024
BUILT semantic 2024 2.89
BUILD semantic 2026
BUILT semantic 2026 4.91
BUILD pairwise 2020
BUILT pairwise 2020 3.84
BUILD pairwise 2022
BUILT pairwise 2022 10.94
BUILD pairwise 2024
BUILT pairwise 2024 46.22
BUILD pairwise 2026
BUILT pairwise 2026 108.11
BUILD static 2020
BUILT static 2020 2.09
BUILD static 2022
BUILT static 2022 5.66
BUILD static 2024
BUILT static 2024 30.89
BUILD static 2026
BUILT static 2026 72.77
BUILD temporal 2020
BUILT temporal 2020 2.07
BUILD temporal 2022
BUILT temporal 2022 11.57
BUILD temporal 2024
BUILT temporal 2024 45.45
BUILD temporal 2026
BUILT temporal 2026 107.69
COHERENCE/LABELS semantic 2020
COHERENCE/LABELS semantic 2022
COHERENCE/LABELS semantic 2024
COHERENCE/LABELS semantic 2026
COHERENCE/LABELS pairwise 2020
COHERENCE/LABELS pairwise 2022
COHERENCE/LABELS pairwise 2024
COHERENCE/LABELS pairwise 2026
COHERENCE/LABELS static 2020
COHERENCE/LABELS static 2022
COHERENCE/LABELS static 2024
COHERENCE/LABELS static 2026
COHERENCE/LABELS temporal 2020
COHERENCE/LABELS temporal 2022
COHERENCE/LABELS temporal 2024
COHERENCE/LABELS temporal 2026
LABEL NLI 832
PERTURB semantic 11
PERTURB semantic 23
PERTURB semantic 37
PERTURB semantic 53
PERTURB semantic 71
PERTURB pairwise 11
PERTURB pairwise 23
PERTURB pairwise 37
PERTURB pairwise 53
PERTURB pairwise 71
PERTURB static 11
PERTURB static 23
PERTURB static 37
PERTURB static 53
PERTURB static 71
PERTURB temporal 11
PERTURB temporal 23
PERTURB temporal 37
PERTURB temporal 53
PERTURB temporal 71
SENSITIVITY alpha 0.25
SENSITIVITY alpha 0.75
SENSITIVITY lambda 0
SENSITIVITY lambda 0.1
SENSITIVITY lambda 0.4
SENSITIVITY knn_k 5
SENSITIVITY knn_k 20
