GATES A/B PASS
BUILD semantic 2020
BUILT semantic 2020 0.64
BUILD semantic 2022
BUILT semantic 2022 1.11
BUILD semantic 2024
BUILT semantic 2024 2.88
BUILD semantic 2026
BUILT semantic 2026 5.1
BUILD pairwise 2020
BUILT pairwise 2020 3.81
BUILD pairwise 2022
BUILT pairwise 2022 17.39
BUILD pairwise 2024
BUILT pairwise 2024 83.25
BUILD pairwise 2026
BUILT pairwise 2026 116.4
BUILD static 2020
BUILT static 2020 2.1
BUILD static 2022
BUILT static 2022 5.67
BUILD static 2024
BUILT static 2024 40.75
BUILD static 2026
BUILT static 2026 86.69
BUILD temporal 2020
BUILT temporal 2020 2.09
BUILD temporal 2022
BUILT temporal 2022 11.46
BUILD temporal 2024
BUILT temporal 2024 44.86
BUILD temporal 2026
BUILT temporal 2026 106.54
COHERENCE/LABELS semantic 2020
COHERENCE/LABELS semantic 2022
COHERENCE/LABELS semantic 2024
COHERENCE/LABELS semantic 2026
COHERENCE/LABELS pairwise 2020
COHERENCE/LABELS pairwise 2022
COHERENCE/LABELS pairwise 2024
COHERENCE/LABELS pairwise 2026
COHERENCE/LABELS static 2020
COHERENCE/LABELS static 2022
COHERENCE/LABELS static 2024
