Base index: 2978 entities
Encoding cutoff 2026
Generating Q1
Reranking Q1 500 entities
Requirements Q1 A7
Requirements Q1 A7_SingleEvidence
Completed Q1 union 1325 seconds 2.07
Generating Q2
Reranking Q2 500 entities
Requirements Q2 A7
Requirements Q2 A7_SingleEvidence
Completed Q2 union 1418 seconds 1.83
Generating Q3
Reranking Q3 500 entities
Requirements Q3 A7
Requirements Q3 A7_SingleEvidence
Completed Q3 union 1290 seconds 1.64
Generating Q4
Reranking Q4 500 entities
Requirements Q4 A7
Requirements Q4 A7_SingleEvidence
Completed Q4 union 1225 seconds 1.32
Generating Q5
Reranking Q5 500 entities
Requirements Q5 A7
Requirements Q5 A7_SingleEvidence
Completed Q5 union 1383 seconds 1.67
Generating Q6
Reranking Q6 500 entities
Requirements Q6 A7
Requirements Q6 A7_SingleEvidence
Completed Q6 union 1463 seconds 1.86
Generating Q7
Reranking Q7 500 entities
Requirements Q7 A7
Requirements Q7 A7_SingleEvidence
Completed Q7 union 1167 seconds 1.46
Generating Q8
Reranking Q8 500 entities
Requirements Q8 A7
Requirements Q8 A7_SingleEvidence
Completed Q8 union 1357 seconds 1.48
Generating Q9
Reranking Q9 500 entities
Requirements Q9 A7
Requirements Q9 A7_SingleEvidence
Completed Q9 union 1503 seconds 1.81
Generating Q10
Reranking Q10 500 entities
Requirements Q10 A7
Requirements Q10 A7_SingleEvidence
Completed Q10 union 1431 seconds 1.84
Generating Q11
Reranking Q11 500 entities
Requirements Q11 A7
Requirements Q11 A7_SingleEvidence
Completed Q11 union 1468 seconds 1.39
Generating Q12
Reranking Q12 500 entities
Requirements Q12 A7
Requirements Q12 A7_SingleEvidence
Completed Q12 union 1438 seconds 1.38
Generating Q13
Reranking Q13 500 entities
Requirements Q13 A7
Requirements Q13 A7_SingleEvidence
Completed Q13 union 1321 seconds 1.22
Generating Q14
Reranking Q14 349 entities
Requirements Q14 A7
Requirements Q14 A7_SingleEvidence
Completed Q14 union 349 seconds 0.36
Generating Q15
Reranking Q15 500 entities
Requirements Q15 A7
Requirements Q15 A7_SingleEvidence
Completed Q15 union 1452 seconds 1.69
Generating Q16
Reranking Q16 500 entities
Requirements Q16 A7
Requirements Q16 A7_SingleEvidence
Completed Q16 union 1180 seconds 1.59
Generating Q17
Reranking Q17 500 entities
Requirements Q17 A7
Requirements Q17 A7_SingleEvidence
Completed Q17 union 1315 seconds 2.04
Generating Q18
Reranking Q18 500 entities
Requirements Q18 A7
Requirements Q18 A7_SingleEvidence
Completed Q18 union 1452 seconds 1.68
PREDICTIONS FROZEN 2d7485f1d0ecfb541d1d83413e2ac1d961519ce9c1e0870dbd74311462918570
